// Jest Snapshot v1, https://goo.gl/fbAQLP

exports[`render Hero tile inside main page Verify the snapshot of Hero tile is matched 1`] = `
<div
  className="hero-tile"
>
  <div
    className="hero-tile__item hero-tile__item-one"
  >
    <label
      className="hero-tile__header"
    >
      We Make Process Simple
    </label>
    <p
      className="hero-tile__info"
    >
      Try the Free Odyssey Scan Solution Today
    </p>
  </div>
  <div
    className="hero-tile__item hero-tile__item-two"
  >
    <div
      className="hero-tile__item-list"
    >
      <img
        alt=""
        className="hero-tile__item-image"
        src="../assets/images/scan.png"
      />
      <label
        className="hero-tile__item-header"
      >
        Scan
      </label>
      <p
        className="hero-tile__item-list-item-one hero-tile__item-list-item-one-first-paragraph"
      >
        Easily generate an audit link for relevant files
      </p>
      <p
        className="hero-tile__item-list-item-one hero-tile__item-list-item-one-second-paragraph"
      >
        Accessible 24/7
      </p>
    </div>
  </div>
  <div
    className="hero-tile__item hero-tile__item-three"
  >
    <div
      className="hero-tile__item-list"
    >
      <img
        alt=""
        className="hero-tile__item-image"
        src="../assets/images/organize.png"
      />
      <label
        className="hero-tile__item-header"
      >
        Organize
      </label>
      <p
        className="hero-tile__item__list-item-two"
      >
        Secure & Searchable
      </p>
      <p
        className="hero-tile__item__list-item-two"
      >
        AUDIT Ready
      </p>
    </div>
  </div>
  <div
    className="hero-tile__item hero-tile__item-four"
  >
    <div
      className="hero-tile__item-list"
    >
      <img
        alt=""
        className="hero-tile__item-image"
        src="../assets/images/store.png"
      />
      <label
        className="hero-tile__item-header"
      >
        Store
      </label>
      <p
        className="hero-tile__item__list-item-three"
      >
        Free and unlimited file storage
      </p>
      <p
        className="hero-tile__item__list-item-three"
      >
        Securely stored on Azure by Microsoft
      </p>
    </div>
  </div>
</div>
`;
